2026-04-28 21:29:21.723 CEST [12568] LOG:  starting PostgreSQL 17.9 on x86_64-windows, compiled by msvc-19.44.35225, 64-bit
2026-04-28 21:29:21.725 CEST [12568] LOG:  could not bind IPv6 address "::1": Permission denied
2026-04-28 21:29:21.725 CEST [12568] LOG:  could not bind IPv4 address "127.0.0.1": Permission denied
2026-04-28 21:29:21.725 CEST [12568] WARNING:  could not create listen socket for "localhost"
2026-04-28 21:29:21.725 CEST [12568] FATAL:  could not create any TCP/IP sockets
2026-04-28 21:29:21.727 CEST [12568] LOG:  database system is shut down
2026-04-28 21:29:50.894 CEST [8680] LOG:  starting PostgreSQL 17.9 on x86_64-windows, compiled by msvc-19.44.35225, 64-bit
2026-04-28 21:29:50.896 CEST [8680] LOG:  could not translate host name "''", service "5432" to address: Name or service not known
2026-04-28 21:29:50.896 CEST [8680] WARNING:  could not create listen socket for "''"
2026-04-28 21:29:50.896 CEST [8680] FATAL:  could not create any TCP/IP sockets
2026-04-28 21:29:50.897 CEST [8680] LOG:  database system is shut down
2026-04-28 21:30:04.957 CEST [18148] LOG:  starting PostgreSQL 17.9 on x86_64-windows, compiled by msvc-19.44.35225, 64-bit
2026-04-28 21:30:04.957 CEST [18148] FATAL:  no socket created for listening
2026-04-28 21:30:04.958 CEST [18148] LOG:  database system is shut down
2026-04-28 21:30:31.725 CEST [16076] LOG:  starting PostgreSQL 17.9 on x86_64-windows, compiled by msvc-19.44.35225, 64-bit
2026-04-28 21:30:31.727 CEST [16076] LOG:  listening on IPv6 address "::1", port 55432
2026-04-28 21:30:31.727 CEST [16076] LOG:  listening on IPv4 address "127.0.0.1", port 55432
2026-04-28 21:30:31.863 CEST [7944] LOG:  database system was shut down at 2026-04-28 21:29:02 CEST
2026-04-28 21:30:31.895 CEST [16076] LOG:  database system is ready to accept connections
2026-04-28 21:30:51.539 CEST [14472] ERROR:  syntax error at or near "start" at character 4
2026-04-28 21:30:51.539 CEST [14472] STATEMENT:  DO start BEGIN IF NOT EXISTS (SELECT 1 FROM pg_roles WHERE rolname = 'openpg') THEN CREATE ROLE openpg LOGIN PASSWORD 'openpgpwd'; ELSE ALTER ROLE openpg LOGIN PASSWORD 'openpgpwd'; END IF; END start;
2026-04-28 21:31:07.390 CEST [16560] ERROR:  syntax error at or near "DO" at character 4
2026-04-28 21:31:07.390 CEST [16560] STATEMENT:  DO DO $$ BEGIN IF NOT EXISTS (SELECT 1 FROM pg_roles WHERE rolname = 'openpg') THEN CREATE ROLE openpg LOGIN PASSWORD 'openpgpwd'; ELSE ALTER ROLE openpg LOGIN PASSWORD 'openpgpwd'; END IF; END $$; BEGIN IF NOT EXISTS (SELECT 1 FROM pg_database WHERE datname = 'erp_dev') THEN CREATE DATABASE erp_dev OWNER openpg; END IF; END DO $$ BEGIN IF NOT EXISTS (SELECT 1 FROM pg_roles WHERE rolname = 'openpg') THEN CREATE ROLE openpg LOGIN PASSWORD 'openpgpwd'; ELSE ALTER ROLE openpg LOGIN PASSWORD 'openpgpwd'; END IF; END $$;;
2026-04-28 21:31:40.444 CEST [3624] ERROR:  CREATE DATABASE cannot be executed from a function
2026-04-28 21:31:40.444 CEST [3624] CONTEXT:  SQL statement "CREATE DATABASE erp_dev OWNER openpg"
	PL/pgSQL function inline_code_block line 1 at SQL statement
2026-04-28 21:31:40.444 CEST [3624] STATEMENT:  DO $$ BEGIN IF NOT EXISTS (SELECT 1 FROM pg_database WHERE datname = 'erp_dev') THEN CREATE DATABASE erp_dev OWNER openpg; END IF; END $$;
2026-04-28 21:32:44.913 CEST [9244] LOG:  could not receive data from client: unrecognized winsock error 10054
2026-04-28 21:32:44.913 CEST [2644] LOG:  could not receive data from client: unrecognized winsock error 10054
2026-04-28 21:32:44.913 CEST [1404] LOG:  could not receive data from client: unrecognized winsock error 10054
2026-04-28 21:35:31.755 CEST [11992] LOG:  checkpoint starting: time
2026-04-28 21:37:23.313 CEST [14456] ERROR:  column "email" does not exist at character 19
2026-04-28 21:37:23.313 CEST [14456] STATEMENT:  SELECT id, login, email FROM res_users WHERE id = 2 LIMIT 1;
2026-04-28 21:40:02.120 CEST [11992] LOG:  checkpoint complete: wrote 2565 buffers (15.7%); 0 WAL file(s) added, 0 removed, 1 recycled; write=269.218 s, sync=1.122 s, total=270.366 s; sync files=1056, longest=0.011 s, average=0.002 s; distance=19724 kB, estimate=19724 kB; lsn=0/28B5A70, redo lsn=0/28AB4F8
2026-04-28 21:40:40.830 CEST [16836] ERROR:  column "email" does not exist at character 19
2026-04-28 21:40:40.830 CEST [16836] STATEMENT:  SELECT id, login, email, active FROM res_users ORDER BY id;
2026-04-28 21:43:34.577 CEST [4660] LOG:  could not receive data from client: unrecognized winsock error 10054
2026-04-28 21:43:34.577 CEST [1288] LOG:  could not receive data from client: unrecognized winsock error 10054
2026-04-28 21:43:34.577 CEST [18268] LOG:  could not receive data from client: unrecognized winsock error 10054
2026-04-28 21:43:34.577 CEST [10708] LOG:  could not receive data from client: unrecognized winsock error 10054
2026-04-28 21:43:34.577 CEST [15352] LOG:  could not receive data from client: unrecognized winsock error 10054
2026-04-28 21:45:31.166 CEST [11992] LOG:  checkpoint starting: time
2026-04-28 21:45:31.731 CEST [11992] LOG:  checkpoint complete: wrote 6 buffers (0.0%); 0 WAL file(s) added, 0 removed, 0 recycled; write=0.537 s, sync=0.009 s, total=0.565 s; sync files=4, longest=0.005 s, average=0.003 s; distance=41 kB, estimate=17755 kB; lsn=0/28B5CD0, redo lsn=0/28B5C78
2026-04-28 21:46:30.566 CEST [10100] LOG:  could not receive data from client: unrecognized winsock error 10054
2026-04-28 21:46:30.566 CEST [16220] LOG:  could not receive data from client: unrecognized winsock error 10054
2026-04-28 21:46:30.566 CEST [7612] LOG:  could not receive data from client: unrecognized winsock error 10054
2026-04-28 21:46:30.566 CEST [14996] LOG:  could not receive data from client: unrecognized winsock error 10054
2026-04-28 21:46:30.566 CEST [18168] LOG:  could not receive data from client: unrecognized winsock error 10054
2026-04-28 21:47:11.293 CEST [16076] LOG:  autovacuum launcher process (PID 8988) was terminated by exception 0xFFFFFFFF
2026-04-28 21:47:11.293 CEST [16076] HINT:  See C include file "ntstatus.h" for a description of the hexadecimal value.
2026-04-28 21:47:11.293 CEST [16076] LOG:  terminating any other active server processes
2026-04-28 21:47:11.308 CEST [16076] LOG:  all server processes terminated; reinitializing
